tests/check/inputs/declScopeTests.mg:16:5: Declaration error in tests.check.inputs.declScopeTests.S: function can not have a body in signature

tests/check/inputs/declScopeTests.mg:17:5: Declaration error in tests.check.inputs.declScopeTests.S: procedure can not have a body in signature

tests/check/inputs/declScopeTests.mg:18:5: Declaration error in tests.check.inputs.declScopeTests.S: predicate can not have a body in signature

tests/check/inputs/declScopeTests.mg:19:5: Declaration context error in tests.check.inputs.declScopeTests.S: axioms can only be declared in concepts

tests/check/inputs/declScopeTests.mg:36:5: Declaration error in tests.check.inputs.declScopeTests.C: function can not have a body in concept

tests/check/inputs/declScopeTests.mg:37:5: Declaration error in tests.check.inputs.declScopeTests.C: procedure can not have a body in concept

tests/check/inputs/declScopeTests.mg:38:5: Declaration error in tests.check.inputs.declScopeTests.C: predicate can not have a body in concept

tests/check/inputs/declScopeTests.mg:55:5: Declaration context error in tests.check.inputs.declScopeTests.I: axioms can only be declared in concepts

tests/check/inputs/declScopeTests.mg:62:13: Declaration error in tests.check.inputs.declScopeTests.P: T was left unimplemented in program P

tests/check/inputs/declScopeTests.mg:62:13: Declaration error in tests.check.inputs.declScopeTests.P: _==_ was left unimplemented in program P

tests/check/inputs/declScopeTests.mg:62:13: Declaration error in tests.check.inputs.declScopeTests.P: _=_ was left unimplemented in program P

tests/check/inputs/declScopeTests.mg:62:13: Declaration error in tests.check.inputs.declScopeTests.P: axiomBody was left unimplemented in program P

tests/check/inputs/declScopeTests.mg:62:13: Declaration error in tests.check.inputs.declScopeTests.P: funProto was left unimplemented in program P

tests/check/inputs/declScopeTests.mg:62:13: Declaration error in tests.check.inputs.declScopeTests.P: predProto was left unimplemented in program P

tests/check/inputs/declScopeTests.mg:62:13: Declaration error in tests.check.inputs.declScopeTests.P: procProto was left unimplemented in program P

tests/check/inputs/declScopeTests.mg:81:5: Declaration context error in tests.check.inputs.declScopeTests.P: axioms can only be declared in concepts
