tests/check/inputs/stateHandlingTests.mg:8:5: Type error in tests.check.inputs.stateHandlingTests.I: expected return type to be Unit in procedure but return value has type T

tests/check/inputs/stateHandlingTests.mg:14:60: Type error in tests.check.inputs.stateHandlingTests.I: value block has conflicting return types (found T, U)

tests/check/inputs/stateHandlingTests.mg:22:13: Mode error in tests.check.inputs.stateHandlingTests.I: incompatible modes in call to _=_: expected out but got unk for argument #1

tests/check/inputs/stateHandlingTests.mg:33:29: Mode error in tests.check.inputs.stateHandlingTests.I: incompatible modes in call to test_proc: expected out but got unk for argument #1

tests/check/inputs/stateHandlingTests.mg:39:22: Mode error in tests.check.inputs.stateHandlingTests.I: incompatible modes in call to test_proc: expected out but got unk for argument #1

tests/check/inputs/stateHandlingTests.mg:45:21: Mode error in tests.check.inputs.stateHandlingTests.I: incompatible modes in call to test_proc: expected out but got unk for argument #1

tests/check/inputs/stateHandlingTests.mg:55:13: Error: variable not in scope in tests.check.inputs.stateHandlingTests.I: t
