


#include "tests.self-contained-codegen.inputs.basic.hpp"


