tests/inputs/externalTests.mg:25:5: Declaration error: got conflicting implementations for function _==_(e1 : T, e2 : T) : Predicate at tests/inputs/externalTests.mg:5:5 and tests/inputs/externalTests.mg:9:5

tests/inputs/externalTests.mg:25:5: Declaration error: got conflicting implementations for procedure _=_(out var : T, obs expr : T) at tests/inputs/externalTests.mg:5:5 and tests/inputs/externalTests.mg:9:5

tests/inputs/externalTests.mg:25:5: Declaration error: got conflicting implementations for type T at tests/inputs/externalTests.mg:5:5 and tests/inputs/externalTests.mg:9:5
