tests/inputs/renamingTests.mg:50:5: Declaration error in tests.inputs.renamingTests.RenamingOverload: got conflicting implementations for function _f(_t : _T) : _T at tests/inputs/renamingTests.mg:43:5 and tests/inputs/renamingTests.mg:50:5
