[]
[]
["upd","obs"]
[]
tests/inputs/stmtErrors.mg:18:9: Error: function not in scope: _=_ with arguments of type (T1, T2)
